// Jest Snapshot v1, https://goo.gl/fbAQLP

exports[`movies list Should render component 1`] = `
<DocumentFragment>
  <div
    class="w-full bg-white flex justify-center"
  >
    <div
      class="border shadow-xl rounded-lg w-11/12 h-full p-4 m-4"
    >
      <div
        class="flex flex-col items-start border rounded w-full h-full my-4 h-auto md:h-32"
      >
        <div
          class="flex flex-col md:flex-row justify-between items-center w-full"
        >
          <div
            class="flex w-full md:w-1/2"
          >
            <img
              alt="Star Wars"
              class="w-20 h-32 object-cover"
            />
            <div
              class="flex flex-col pl-7 pt-6"
            >
              <h2
                class="font-bold text-lg text-blue-800"
              >
                Star Wars
              </h2>
              <div
                class="text-blue-700 font-light text-sm pt-2"
              >
                movie
              </div>
              <div
                class="text-blue-600 font-light text-xs pt-2"
              >
                1977
              </div>
            </div>
          </div>
          <div
            class="w-64 flex items-center justify-center p-4"
          >
            <div
              class="mx-2"
            >
              <div />
            </div>
            <div
              class="text-lg font-medium text-blue-700 pl-4"
            >
              5.8 k
            </div>
            <div
              class="ml-8"
            >
              <div />
            </div>
            <div
              class="text-lg font-medium text-blue-700 pl-4 "
            >
              4.30
            </div>
          </div>
          <button
            class="text-blue-900 font-bold text-lg mr-6"
            data-testid="collapse"
          >
            +
          </button>
        </div>
      </div>
    </div>
  </div>
</DocumentFragment>
`;

exports[`movies list Should render with loading 1`] = `
<DocumentFragment>
  <div
    class="w-full bg-white flex justify-center"
  >
    <div
      class="border shadow-xl rounded-lg w-11/12 h-full p-4 m-4"
    >
      <div
        class="text-sm text-gray-400 flex justify-center items-center"
      >
        Loading..
      </div>
    </div>
  </div>
</DocumentFragment>
`;
